---
source: src/backend/cuda/test.rs
expression: jit.kernel_debug()
---
===============================================
Kernel 3021455720588657113:

.version 8.0
.target sm_86
.address_size 64

.entry cujit(
	.param .align 8 .b8 params[24]) {

	.reg.b8   %b <11>; .reg.b16 %w<11>; .reg.b32 %r<11>;
	.reg.b64  %rd<11>; .reg.f32 %f<11>; .reg.f64 %d<11>;
	.reg.pred %p <11>;

	mov.u32 %r0, %ctaid.x;
	mov.u32 %r1, %ntid.x;
	mov.u32 %r2, %tid.x;
	mad.lo.u32 %r0, %r0, %r1, %r2; // r0 <- Index

	// Index Conditional (jump to done if Index >= Size).
	ld.param.u32 %r2, [params]; // r2 <- params[0] (Size)
	setp.ge.u32 %p0, %r0, %r2; // p0 <- r0 >= r2
	@%p0 bra done; // if p0 => done
	
	mov.u32 %r3, %nctaid.x; // r3 <- nctaid.x
	mul.lo.u32 %r1, %r3, %r1; // r1 <- r3 * r1
	
body: // sm_86

	// [0]: ScheduleVar { op: Literal, deps: [], ty: U32, param_ty: None, reg: 5, buf: None, tex: None, literal: 2, size: 1 } =>
	mov.b32 %r5, 0x2;


	// [1]: ScheduleVar { op: Data, deps: [], ty: U32, param_ty: None, reg: 6, buf: Some(0), tex: None, literal: 0, size: 0 } =>

	// [2]: ScheduleVar { op: Idx, deps: [], ty: U32, param_ty: None, reg: 8, buf: None, tex: None, literal: 0, size: 3 } =>
	mov.u32 %r8, %r0;


	// [3]: ScheduleVar { op: Literal, deps: [], ty: U32, param_ty: None, reg: 9, buf: None, tex: None, literal: 1, size: 1 } =>
	mov.b32 %r9, 0x1;


	// [4]: ScheduleVar { op: Add, deps: [SVarId(2), SVarId(3)], ty: U32, param_ty: None, reg: 7, buf: None, tex: None, literal: 0, size: 3 } =>
	add.u32 %r7, %r8, %r9;

	// [5]: ScheduleVar { op: Literal, deps: [], ty: Bool, param_ty: None, reg: 10, buf: None, tex: None, literal: 1, size: 1 } =>
	mov.pred %p10, 0x1;


	// [6]: ScheduleVar { op: Scatter { op: None }, deps: [SVarId(0), SVarId(1), SVarId(4), SVarId(5)], ty: Void, param_ty: None, reg: 4, buf: None, tex: None, literal: 0, size: 3 } =>
    @!%p10 bra l_4_done;

	ld.param.u64 %rd0, [params+8];
	mad.wide.u32 %rd3, %r7, 4, %rd0;
	st.global.u32 [%rd3], %r5;
	l_4_done:

	//End of Kernel:

	add.u32 %r0, %r0, %r1; // r0 <- r0 + r1
	setp.ge.u32 %p0, %r0, %r2; // p0 <- r1 >= r2
	@!%p0 bra body; // if p0 => body


done:

	ret;
}
===============================================
Kernel 3938681865165082990:

.version 8.0
.target sm_86
.address_size 64

.entry cujit(
	.param .align 8 .b8 params[24]) {

	.reg.b8   %b <9>; .reg.b16 %w<9>; .reg.b32 %r<9>;
	.reg.b64  %rd<9>; .reg.f32 %f<9>; .reg.f64 %d<9>;
	.reg.pred %p <9>;

	mov.u32 %r0, %ctaid.x;
	mov.u32 %r1, %ntid.x;
	mov.u32 %r2, %tid.x;
	mad.lo.u32 %r0, %r0, %r1, %r2; // r0 <- Index

	// Index Conditional (jump to done if Index >= Size).
	ld.param.u32 %r2, [params]; // r2 <- params[0] (Size)
	setp.ge.u32 %p0, %r0, %r2; // p0 <- r0 >= r2
	@%p0 bra done; // if p0 => done
	
	mov.u32 %r3, %nctaid.x; // r3 <- nctaid.x
	mul.lo.u32 %r1, %r3, %r1; // r1 <- r3 * r1
	
body: // sm_86

	// [0]: ScheduleVar { op: Literal, deps: [], ty: U32, param_ty: None, reg: 5, buf: None, tex: None, literal: 3, size: 1 } =>
	mov.b32 %r5, 0x3;


	// [1]: ScheduleVar { op: Data, deps: [], ty: U32, param_ty: None, reg: 6, buf: Some(0), tex: None, literal: 0, size: 0 } =>

	// [2]: ScheduleVar { op: Idx, deps: [], ty: U32, param_ty: None, reg: 7, buf: None, tex: None, literal: 0, size: 2 } =>
	mov.u32 %r7, %r0;


	// [3]: ScheduleVar { op: Literal, deps: [], ty: Bool, param_ty: None, reg: 8, buf: None, tex: None, literal: 1, size: 1 } =>
	mov.pred %p8, 0x1;


	// [4]: ScheduleVar { op: Scatter { op: None }, deps: [SVarId(0), SVarId(1), SVarId(2), SVarId(3)], ty: Void, param_ty: None, reg: 4, buf: None, tex: None, literal: 0, size: 2 } =>
    @!%p8 bra l_4_done;

	ld.param.u64 %rd0, [params+8];
	mad.wide.u32 %rd3, %r7, 4, %rd0;
	st.global.u32 [%rd3], %r5;
	l_4_done:

	//End of Kernel:

	add.u32 %r0, %r0, %r1; // r0 <- r0 + r1
	setp.ge.u32 %p0, %r0, %r2; // p0 <- r1 >= r2
	@!%p0 bra body; // if p0 => body


done:

	ret;
}
===============================================
Kernel 6683054193041634608:

.version 8.0
.target sm_86
.address_size 64

.entry cujit(
	.param .align 8 .b8 params[32]) {

	.reg.b8   %b <11>; .reg.b16 %w<11>; .reg.b32 %r<11>;
	.reg.b64  %rd<11>; .reg.f32 %f<11>; .reg.f64 %d<11>;
	.reg.pred %p <11>;

	mov.u32 %r0, %ctaid.x;
	mov.u32 %r1, %ntid.x;
	mov.u32 %r2, %tid.x;
	mad.lo.u32 %r0, %r0, %r1, %r2; // r0 <- Index

	// Index Conditional (jump to done if Index >= Size).
	ld.param.u32 %r2, [params]; // r2 <- params[0] (Size)
	setp.ge.u32 %p0, %r0, %r2; // p0 <- r0 >= r2
	@%p0 bra done; // if p0 => done
	
	mov.u32 %r3, %nctaid.x; // r3 <- nctaid.x
	mul.lo.u32 %r1, %r3, %r1; // r1 <- r3 * r1
	
body: // sm_86

	// [0]: ScheduleVar { op: Data, deps: [], ty: U32, param_ty: Input, reg: 5, buf: Some(0), tex: None, literal: 0, size: 4 } =>
	ld.param.u64 %rd0, [params+8];
	mad.wide.u32 %rd0, %r0, 4, %rd0;
	ld.global.cs.u32 %r5, [%rd0];

	// [1]: ScheduleVar { op: Literal, deps: [], ty: U32, param_ty: None, reg: 6, buf: None, tex: None, literal: 1, size: 1 } =>
	mov.b32 %r6, 0x1;


	// [2]: ScheduleVar { op: Literal, deps: [], ty: U32, param_ty: None, reg: 8, buf: None, tex: None, literal: 3, size: 1 } =>
	mov.b32 %r8, 0x3;


	// [3]: ScheduleVar { op: Idx, deps: [], ty: U32, param_ty: None, reg: 9, buf: None, tex: None, literal: 0, size: 2 } =>
	mov.u32 %r9, %r0;


	// [4]: ScheduleVar { op: Literal, deps: [], ty: Bool, param_ty: None, reg: 10, buf: None, tex: None, literal: 1, size: 1 } =>
	mov.pred %p10, 0x1;


	// [5]: ScheduleVar { op: Scatter { op: None }, deps: [SVarId(2), SVarId(0), SVarId(3), SVarId(4)], ty: Void, param_ty: None, reg: 7, buf: None, tex: None, literal: 0, size: 2 } =>
    @!%p10 bra l_7_done;

	ld.param.u64 %rd0, [params+8];
	mad.wide.u32 %rd3, %r9, 4, %rd0;
	st.global.u32 [%rd3], %r8;
	l_7_done:

	// [6]: ScheduleVar { op: Add, deps: [SVarId(0), SVarId(1), SVarId(5)], ty: U32, param_ty: Output, reg: 4, buf: Some(1), tex: None, literal: 0, size: 4 } =>
	add.u32 %r4, %r5, %r6;

	// Store:
	ld.param.u64 %rd0, [params + 16]; // rd0 <- params[offset]
	mad.wide.u32 %rd0, %r0, 4, %rd0; // rd0 <- Index * ty.size() + params[offset]
	st.global.cs.u32 [%rd0], %r4; // (Index * ty.size() + params[offset])[Index] <- var

	//End of Kernel:

	add.u32 %r0, %r0, %r1; // r0 <- r0 + r1
	setp.ge.u32 %p0, %r0, %r2; // p0 <- r1 >= r2
	@!%p0 bra body; // if p0 => body


done:

	ret;
}

