---
source: src/backend/optix/test.rs
expression: ir.kernel_history()
---
Kernel History:
Launched CUDA Kernel 4636256886365866919 with 1 elements
===============================================
Kernel 4636256886365866919:

.version 8.0
.target sm_86
.address_size 64

.entry cujit(
	.param .align 8 .b8 params[64]) {

	.reg.b8   %b <18>; .reg.b16 %w<18>; .reg.b32 %r<18>;
	.reg.b64  %rd<18>; .reg.f32 %f<18>; .reg.f64 %d<18>;
	.reg.pred %p <18>;

	mov.u32 %r0, %ctaid.x;
	mov.u32 %r1, %ntid.x;
	mov.u32 %r2, %tid.x;
	mad.lo.u32 %r0, %r0, %r1, %r2; // r0 <- Index

	// Index Conditional (jump to done if Index >= Size).
	ld.param.u32 %r2, [params]; // r2 <- params[0] (Size)
	setp.ge.u32 %p0, %r0, %r2; // p0 <- r0 >= r2
	@%p0 bra done; // if p0 => done
	
	mov.u32 %r3, %nctaid.x; // r3 <- nctaid.x
	mul.lo.u32 %r1, %r3, %r1; // r1 <- r3 * r1
	
body: // sm_86

	// [0]: ScheduleVar { op: Data, deps: [], ty: Void, reg: 5, param_ty: None, data: Texture(0), size: 400, sbt_hash: 0 } =>

	// [1]: ScheduleVar { op: Data, deps: [], ty: F32, reg: 7, param_ty: None, data: Buffer(0), size: 1, sbt_hash: 0 } =>

	// [2]: ScheduleVar { op: Literal, deps: [], ty: U32, reg: 8, param_ty: None, data: Literal(0), size: 1, sbt_hash: 0 } =>
	mov.b32 %r8, 0x0;


	// [3]: ScheduleVar { op: Literal, deps: [], ty: Bool, reg: 9, param_ty: None, data: Literal(1), size: 1, sbt_hash: 0 } =>
	mov.pred %p9, 0x1;


	// [4]: ScheduleVar { op: Gather, deps: [SVarId(1), SVarId(2), SVarId(3)], ty: F32, reg: 10, param_ty: None, data: Buffer(1), size: 1, sbt_hash: 0 } =>
	ld.param.u64 %rd0, [params+8];
	mad.wide.u32 %rd3, %r8, 4, %rd0;
	ld.global.nc.f32 %f10, [%rd3];

	// [5]: ScheduleVar { op: Data, deps: [], ty: F32, reg: 12, param_ty: None, data: Buffer(2), size: 1, sbt_hash: 0 } =>

	// [6]: ScheduleVar { op: Literal, deps: [], ty: U32, reg: 13, param_ty: None, data: Literal(0), size: 1, sbt_hash: 0 } =>
	mov.b32 %r13, 0x0;


	// [7]: ScheduleVar { op: Literal, deps: [], ty: Bool, reg: 14, param_ty: None, data: Literal(1), size: 1, sbt_hash: 0 } =>
	mov.pred %p14, 0x1;


	// [8]: ScheduleVar { op: Gather, deps: [SVarId(5), SVarId(6), SVarId(7)], ty: F32, reg: 15, param_ty: None, data: Buffer(3), size: 1, sbt_hash: 0 } =>
	ld.param.u64 %rd0, [params+24];
	mad.wide.u32 %rd3, %r13, 4, %rd0;
	ld.global.nc.f32 %f15, [%rd3];

	// [9]: ScheduleVar { op: TexLookup { dim: 2 }, deps: [SVarId(0), SVarId(4), SVarId(8)], ty: F32, reg: 16, param_ty: None, data: None, size: 1, sbt_hash: 0 } =>
	ld.param.u64 %rd0, [params+48];
	.reg.f32 %f16_out_<4>;
	tex.2d.v4.f32.f32 {%f16_out_0, %f16_out_1, %f16_out_2,
                             %f16_out_3}, [%rd0, {%f10, %f15}];

	// [10]: ScheduleVar { op: Extract { offset: 0 }, deps: [SVarId(9)], ty: F32, reg: 17, param_ty: Output, data: Buffer(4), size: 1, sbt_hash: 0 } =>
	mov.b32 %f17, %f16_out_0;

	// Store:
	ld.param.u64 %rd0, [params + 40]; // rd0 <- params[offset]
	mad.wide.u32 %rd0, %r0, 4, %rd0; // rd0 <- Index * ty.size() + params[offset]
	st.global.cs.f32 [%rd0], %f17; // (Index * ty.size() + params[offset])[Index] <- var

	//End of Kernel:

	add.u32 %r0, %r0, %r1; // r0 <- r0 + r1
	setp.ge.u32 %p0, %r0, %r2; // p0 <- r1 >= r2
	@!%p0 bra body; // if p0 => body


done:

	ret;
}

