---
source: src/backend/optix/test.rs
expression: ir.kernel_history()
---
Kernel History:
Launched CUDA Kernel 13371920222561637948 with 10 elements
===============================================
Kernel 13371920222561637948:

.version 8.0
.target sm_86
.address_size 64

.entry cujit(
	.param .align 8 .b8 params[24]) {

	.reg.b8   %b <5>; .reg.b16 %w<5>; .reg.b32 %r<5>;
	.reg.b64  %rd<5>; .reg.f32 %f<5>; .reg.f64 %d<5>;
	.reg.pred %p <5>;

	mov.u32 %r0, %ctaid.x;
	mov.u32 %r1, %ntid.x;
	mov.u32 %r2, %tid.x;
	mad.lo.u32 %r0, %r0, %r1, %r2; // r0 <- Index

	// Index Conditional (jump to done if Index >= Size).
	ld.param.u32 %r2, [params]; // r2 <- params[0] (Size)
	setp.ge.u32 %p0, %r0, %r2; // p0 <- r0 >= r2
	@%p0 bra done; // if p0 => done
	
	mov.u32 %r3, %nctaid.x; // r3 <- nctaid.x
	mul.lo.u32 %r1, %r3, %r1; // r1 <- r3 * r1
	
body: // sm_86

	// [0]: ScheduleVar { op: Idx, deps: [], ty: U32, reg: 4, param_ty: Output, data: Buffer(0), size: 10, sbt_hash: 0 } =>
	mov.u32 %r4, %r0;


	// Store:
	ld.param.u64 %rd0, [params + 8]; // rd0 <- params[offset]
	mad.wide.u32 %rd0, %r0, 4, %rd0; // rd0 <- Index * ty.size() + params[offset]
	st.global.cs.u32 [%rd0], %r4; // (Index * ty.size() + params[offset])[Index] <- var

	//End of Kernel:

	add.u32 %r0, %r0, %r1; // r0 <- r0 + r1
	setp.ge.u32 %p0, %r0, %r2; // p0 <- r1 >= r2
	@!%p0 bra body; // if p0 => body


done:

	ret;
}

