---
source: src/backend/cuda.rs
expression: y
---
Ref {
    id: VarId(
        DefaultKey(
            6v1,
        ),
    ),
    ir: RwLock {
        data: Ir {
            vars: SlotMap {
                slots: [
                    Slot {
                        version: 0,
                        next_free: 0,
                    },
                    Slot {
                        version: 1,
                        value: Var {
                            op: Idx,
                            deps: [],
                            ty: U32,
                            size: 10,
                            param_ty: None,
                            rc: 1,
                        },
                    },
                    Slot {
                        version: 1,
                        value: Var {
                            op: Idx,
                            deps: [],
                            ty: U32,
                            size: 3,
                            param_ty: None,
                            rc: 2,
                        },
                    },
                    Slot {
                        version: 1,
                        value: Var {
                            op: Literal,
                            deps: [],
                            ty: U32,
                            size: 0,
                            param_ty: None,
                            rc: 2,
                        },
                    },
                    Slot {
                        version: 1,
                        value: Var {
                            op: Add,
                            deps: [
                                VarId(
                                    DefaultKey(
                                        2v1,
                                    ),
                                ),
                                VarId(
                                    DefaultKey(
                                        3v1,
                                    ),
                                ),
                            ],
                            ty: U32,
                            size: 3,
                            param_ty: None,
                            rc: 1,
                        },
                    },
                    Slot {
                        version: 2,
                        next_free: 7,
                    },
                    Slot {
                        version: 1,
                        value: Var {
                            op: Data,
                            deps: [],
                            ty: U32,
                            size: 3,
                            param_ty: Input,
                            rc: 1,
                        },
                    },
                ],
                free_head: 5,
                num_elems: 5,
                _k: PhantomData<fn(slotmap::DefaultKey) -> slotmap::DefaultKey>,
            },
            scheduled: [],
        },
    },
}
